// Jest Snapshot v1, https://goo.gl/fbAQLP

exports[`Registration Button matches snapshot 1`] = `
<button
  className="MuiButtonBase-root MuiButton-root MuiButton-text"
  disabled={false}
  id="signup"
  onBlur={[Function]}
  onDragLeave={[Function]}
  onFocus={[Function]}
  onKeyDown={[Function]}
  onKeyUp={[Function]}
  onMouseDown={[Function]}
  onMouseLeave={[Function]}
  onMouseUp={[Function]}
  onTouchEnd={[Function]}
  onTouchMove={[Function]}
  onTouchStart={[Function]}
  tabIndex={0}
  type="button"
>
  <span
    className="MuiButton-label"
  />
  <span
    className="MuiTouchRipple-root"
  />
</button>
`;

exports[`Registration renders registration page correctly 1`] = `
<div
  className="registration-bg-image"
>
  <div
    className="registration-cardContainer"
  >
    <div
      className="MuiPaper-root MuiPaper-outlined MuiPaper-rounded MuiCard-root mdc-card mdc-card--outlined registration-my-card css-1v5z4dq-MuiPaper-root-MuiCard-root"
      style={
        Object {
          "backgroundColor": "#FFFFFF",
          "borderRadius": "25px",
          "minWidth": "sm",
          "paddingTop": 30,
        }
      }
    >
      <h4>
        Sign Up
      </h4>
      <div
        className="MuiCardContent-root css-46bh2p-MuiCardContent-root"
      >
        <form
          className="makeStyles-root-1"
          onSubmit={[Function]}
        >
          <div
            className="MuiFormControl-root MuiTextField-root"
          >
            <label
              className="MuiFormLabel-root MuiInputLabel-root MuiInputLabel-formControl MuiInputLabel-animated MuiInputLabel-filled Mui-required Mui-required"
              data-shrink={false}
              htmlFor="filled-basic"
              id="filled-basic-label"
            >
              First Name
              <span
                aria-hidden={true}
                className="MuiFormLabel-asterisk MuiInputLabel-asterisk"
              >
                 
                *
              </span>
            </label>
            <div
              className="MuiInputBase-root MuiFilledInput-root MuiFilledInput-underline MuiInputBase-formControl"
              onClick={[Function]}
            >
              <input
                aria-invalid={false}
                autoFocus={false}
                className="MuiInputBase-input MuiFilledInput-input"
                data-testid="fname"
                disabled={false}
                id="filled-basic"
                onAnimationStart={[Function]}
                onBlur={[Function]}
                onChange={[Function]}
                onFocus={[Function]}
                required={true}
                type="text"
                value=""
              />
            </div>
          </div>
          <div
            className="MuiFormControl-root MuiTextField-root"
            style={
              Object {
                "backgroundColor": "#FFFFFF",
                "borderRadius": "25px",
              }
            }
          >
            <label
              className="MuiFormLabel-root MuiInputLabel-root MuiInputLabel-formControl MuiInputLabel-animated MuiInputLabel-filled Mui-required Mui-required"
              data-shrink={false}
              htmlFor="filled-basic"
              id="filled-basic-label"
            >
              Last Name
              <span
                aria-hidden={true}
                className="MuiFormLabel-asterisk MuiInputLabel-asterisk"
              >
                 
                *
              </span>
            </label>
            <div
              className="MuiInputBase-root MuiFilledInput-root MuiFilledInput-underline MuiInputBase-formControl"
              onClick={[Function]}
            >
              <input
                aria-invalid={false}
                autoFocus={false}
                className="MuiInputBase-input MuiFilledInput-input"
                data-testid="lname"
                disabled={false}
                id="filled-basic"
                onAnimationStart={[Function]}
                onBlur={[Function]}
                onChange={[Function]}
                onFocus={[Function]}
                required={true}
                type="text"
                value=""
              />
            </div>
          </div>
          <div
            className="MuiFormControl-root MuiTextField-root"
          >
            <label
              className="MuiFormLabel-root MuiInputLabel-root MuiInputLabel-formControl MuiInputLabel-animated MuiInputLabel-filled Mui-required Mui-required"
              data-shrink={false}
              htmlFor="filled-basic"
              id="filled-basic-label"
            >
              Email
              <span
                aria-hidden={true}
                className="MuiFormLabel-asterisk MuiInputLabel-asterisk"
              >
                 
                *
              </span>
            </label>
            <div
              className="MuiInputBase-root MuiFilledInput-root MuiFilledInput-underline MuiInputBase-formControl"
              onClick={[Function]}
            >
              <input
                aria-invalid={false}
                autoFocus={false}
                className="MuiInputBase-input MuiFilledInput-input"
                data-testid="email"
                disabled={false}
                id="filled-basic"
                onAnimationStart={[Function]}
                onBlur={[Function]}
                onChange={[Function]}
                onFocus={[Function]}
                required={true}
                type="email"
                value=""
              />
            </div>
            
          </div>
          <div
            className="MuiFormControl-root MuiTextField-root"
          >
            <label
              className="MuiFormLabel-root MuiInputLabel-root MuiInputLabel-formControl MuiInputLabel-animated MuiInputLabel-filled Mui-required Mui-required"
              data-shrink={false}
              htmlFor="filled-basic"
              id="filled-basic-label"
            >
              Password
              <span
                aria-hidden={true}
                className="MuiFormLabel-asterisk MuiInputLabel-asterisk"
              >
                 
                *
              </span>
            </label>
            <div
              className="MuiInputBase-root MuiFilledInput-root MuiFilledInput-underline MuiInputBase-formControl"
              onClick={[Function]}
            >
              <input
                aria-invalid={false}
                autoFocus={false}
                className="MuiInputBase-input MuiFilledInput-input"
                data-testid="password"
                disabled={false}
                id="filled-basic"
                onAnimationStart={[Function]}
                onBlur={[Function]}
                onChange={[Function]}
                onFocus={[Function]}
                required={true}
                type="password"
                value=""
              />
            </div>
            
          </div>
          <div
            className="MuiFormControl-root MuiTextField-root"
          >
            <label
              className="MuiFormLabel-root MuiInputLabel-root MuiInputLabel-formControl MuiInputLabel-animated MuiInputLabel-filled"
              data-shrink={false}
              htmlFor="filled-basic"
              id="filled-basic-label"
            >
              Telephone Number
            </label>
            <div
              className="MuiInputBase-root MuiFilledInput-root MuiFilledInput-underline MuiInputBase-formControl"
              onClick={[Function]}
            >
              <input
                aria-invalid={false}
                autoFocus={false}
                className="MuiInputBase-input MuiFilledInput-input"
                data-testid="telephone"
                disabled={false}
                id="filled-basic"
                onAnimationStart={[Function]}
                onBlur={[Function]}
                onChange={[Function]}
                onFocus={[Function]}
                required={false}
                type="tel"
                value=""
              />
            </div>
          </div>
          <div>
            <button
              className="MuiButtonBase-root MuiButton-root MuiButton-contained"
              disabled={false}
              inputProps={
                Object {
                  "data-testid": "cancel",
                }
              }
              onBlur={[Function]}
              onDragLeave={[Function]}
              onFocus={[Function]}
              onKeyDown={[Function]}
              onKeyUp={[Function]}
              onMouseDown={[Function]}
              onMouseLeave={[Function]}
              onMouseUp={[Function]}
              onTouchEnd={[Function]}
              onTouchMove={[Function]}
              onTouchStart={[Function]}
              style={
                Object {
                  "backgroundColor": "#24a0ed",
                  "color": "#FFFFFF",
                }
              }
              tabIndex={0}
              type="button"
            >
              <span
                className="MuiButton-label"
              >
                Cancel
              </span>
            </button>
            <button
              className="MuiButtonBase-root MuiButton-root MuiButton-contained MuiButton-containedPrimary"
              disabled={false}
              inputProps={
                Object {
                  "data-testid": "signup",
                }
              }
              onBlur={[Function]}
              onDragLeave={[Function]}
              onFocus={[Function]}
              onKeyDown={[Function]}
              onKeyUp={[Function]}
              onMouseDown={[Function]}
              onMouseLeave={[Function]}
              onMouseUp={[Function]}
              onSubmit={[Function]}
              onTouchEnd={[Function]}
              onTouchMove={[Function]}
              onTouchStart={[Function]}
              style={
                Object {
                  "backgroundColor": "#24a0ed",
                  "color": "#FFFFFF",
                }
              }
              tabIndex={0}
              type="submit"
            >
              <span
                className="MuiButton-label"
              >
                Sign up
              </span>
            </button>
          </div>
        </form>
      </div>
    </div>
  </div>
</div>
`;
